<?xml version="1.0" encoding="UTF-8"?>
<testsuites name="jest tests" tests="1" failures="0" errors="0" time="0.305">
  <testsuite name="Example" errors="0" failures="0" skipped="0" timestamp="2026-02-19T15:25:43" time="0.24" tests="1">
    <testcase classname="Example should be true" name="Example should be true" time="0.002">
    </testcase>
  </testsuite>
</testsuites>